(map
  ( (list
      "avocado"
      "banana"
      "canteloupe"
      "durian"
      "eggplant"
      "fig"
      "grape"
      "habanero")
    42 ))
